Archive member included because of file (symbol)

c:/winavr-20100110/bin/../lib/gcc/avr/4.3.3/avr5\libgcc.a(_udivmodqi4.o)
                              ./MCAL_Layer/timer0/timer0.o (__udivmodqi4)
c:/winavr-20100110/bin/../lib/gcc/avr/4.3.3/avr5\libgcc.a(_divmodhi4.o)
                              ./MCAL_Layer/timer0/timer0.o (__divmodhi4)
c:/winavr-20100110/bin/../lib/gcc/avr/4.3.3/avr5\libgcc.a(_exit.o)
                              c:/winavr-20100110/bin/../lib/gcc/avr/4.3.3/../../../../avr/lib/avr5/crtm32.o (exit)
c:/winavr-20100110/bin/../lib/gcc/avr/4.3.3/avr5\libgcc.a(_copy_data.o)
                              ./MCAL_Layer/GPIO/GPIO.o (__do_copy_data)
c:/winavr-20100110/bin/../lib/gcc/avr/4.3.3/avr5\libgcc.a(_clear_bss.o)
                              ./MCAL_Layer/timer1/timer1.o (__do_clear_bss)
c:/winavr-20100110/bin/../lib/gcc/avr/4.3.3/avr5\libgcc.a(_fixunssfsi.o)
                              ./ECU_Layer/lcd/char_lcd.o (__fixunssfsi)
c:/winavr-20100110/bin/../lib/gcc/avr/4.3.3/avr5\libgcc.a(_addsub_sf.o)
                              c:/winavr-20100110/bin/../lib/gcc/avr/4.3.3/avr5\libgcc.a(_fixunssfsi.o) (__subsf3)
c:/winavr-20100110/bin/../lib/gcc/avr/4.3.3/avr5\libgcc.a(_mul_sf.o)
                              ./ECU_Layer/lcd/char_lcd.o (__mulsf3)
c:/winavr-20100110/bin/../lib/gcc/avr/4.3.3/avr5\libgcc.a(_gt_sf.o)
                              ./ECU_Layer/lcd/char_lcd.o (__gtsf2)
c:/winavr-20100110/bin/../lib/gcc/avr/4.3.3/avr5\libgcc.a(_ge_sf.o)
                              c:/winavr-20100110/bin/../lib/gcc/avr/4.3.3/avr5\libgcc.a(_fixunssfsi.o) (__gesf2)
c:/winavr-20100110/bin/../lib/gcc/avr/4.3.3/avr5\libgcc.a(_lt_sf.o)
                              ./ECU_Layer/lcd/char_lcd.o (__ltsf2)
c:/winavr-20100110/bin/../lib/gcc/avr/4.3.3/avr5\libgcc.a(_sf_to_si.o)
                              c:/winavr-20100110/bin/../lib/gcc/avr/4.3.3/avr5\libgcc.a(_fixunssfsi.o) (__fixsfsi)
c:/winavr-20100110/bin/../lib/gcc/avr/4.3.3/avr5\libgcc.a(_thenan_sf.o)
                              c:/winavr-20100110/bin/../lib/gcc/avr/4.3.3/avr5\libgcc.a(_addsub_sf.o) (__thenan_sf)
c:/winavr-20100110/bin/../lib/gcc/avr/4.3.3/avr5\libgcc.a(_udivmodhi4.o)
                              c:/winavr-20100110/bin/../lib/gcc/avr/4.3.3/avr5\libgcc.a(_divmodhi4.o) (__udivmodhi4)
c:/winavr-20100110/bin/../lib/gcc/avr/4.3.3/avr5\libgcc.a(_prologue.o)
                              c:/winavr-20100110/bin/../lib/gcc/avr/4.3.3/avr5\libgcc.a(_addsub_sf.o) (__prologue_saves__)
c:/winavr-20100110/bin/../lib/gcc/avr/4.3.3/avr5\libgcc.a(_epilogue.o)
                              c:/winavr-20100110/bin/../lib/gcc/avr/4.3.3/avr5\libgcc.a(_addsub_sf.o) (__epilogue_restores__)
c:/winavr-20100110/bin/../lib/gcc/avr/4.3.3/avr5\libgcc.a(_pack_sf.o)
                              c:/winavr-20100110/bin/../lib/gcc/avr/4.3.3/avr5\libgcc.a(_addsub_sf.o) (__pack_f)
c:/winavr-20100110/bin/../lib/gcc/avr/4.3.3/avr5\libgcc.a(_unpack_sf.o)
                              c:/winavr-20100110/bin/../lib/gcc/avr/4.3.3/avr5\libgcc.a(_addsub_sf.o) (__unpack_f)
c:/winavr-20100110/bin/../lib/gcc/avr/4.3.3/avr5\libgcc.a(_fpcmp_parts_sf.o)
                              c:/winavr-20100110/bin/../lib/gcc/avr/4.3.3/avr5\libgcc.a(_gt_sf.o) (__fpcmp_parts_f)
c:/winavr-20100110/bin/../lib/gcc/avr/4.3.3/../../../../avr/lib/avr5\libc.a(memset.o)
                              ./ECU_Layer/lcd/char_lcd.o (memset)
c:/winavr-20100110/bin/../lib/gcc/avr/4.3.3/../../../../avr/lib/avr5\libc.a(sprintf.o)
                              ./ECU_Layer/lcd/char_lcd.o (sprintf)
c:/winavr-20100110/bin/../lib/gcc/avr/4.3.3/../../../../avr/lib/avr5\libc.a(vfprintf_std.o)
                              c:/winavr-20100110/bin/../lib/gcc/avr/4.3.3/../../../../avr/lib/avr5\libc.a(sprintf.o) (vfprintf)
c:/winavr-20100110/bin/../lib/gcc/avr/4.3.3/../../../../avr/lib/avr5\libc.a(strnlen_P.o)
                              c:/winavr-20100110/bin/../lib/gcc/avr/4.3.3/../../../../avr/lib/avr5\libc.a(vfprintf_std.o) (strnlen_P)
c:/winavr-20100110/bin/../lib/gcc/avr/4.3.3/../../../../avr/lib/avr5\libc.a(strnlen.o)
                              c:/winavr-20100110/bin/../lib/gcc/avr/4.3.3/../../../../avr/lib/avr5\libc.a(vfprintf_std.o) (strnlen)
c:/winavr-20100110/bin/../lib/gcc/avr/4.3.3/../../../../avr/lib/avr5\libc.a(fputc.o)
                              c:/winavr-20100110/bin/../lib/gcc/avr/4.3.3/../../../../avr/lib/avr5\libc.a(vfprintf_std.o) (fputc)
c:/winavr-20100110/bin/../lib/gcc/avr/4.3.3/../../../../avr/lib/avr5\libc.a(ultoa_invert.o)
                              c:/winavr-20100110/bin/../lib/gcc/avr/4.3.3/../../../../avr/lib/avr5\libc.a(vfprintf_std.o) (__ultoa_invert)

Allocating common symbols
Common symbol       size              file

dummy_spi           0x1               ./main.o

Memory Configuration

Name             Origin             Length             Attributes
text             0x00000000         0x00020000         xr
data             0x00800060         0x0000ffa0         rw !x
eeprom           0x00810000         0x00010000         rw !x
fuse             0x00820000         0x00000400         rw !x
lock             0x00830000         0x00000400         rw !x
signature        0x00840000         0x00000400         rw !x
*default*        0x00000000         0xffffffff

Linker script and memory map

LOAD c:/winavr-20100110/bin/../lib/gcc/avr/4.3.3/../../../../avr/lib/avr5/crtm32.o
LOAD ./MCAL_Layer/timer1/timer1.o
LOAD ./MCAL_Layer/timer0/timer0.o
LOAD ./MCAL_Layer/interrupt/ext_interrupt.o
LOAD ./MCAL_Layer/UART/UART.o
LOAD ./MCAL_Layer/SPI/SPI.o
LOAD ./MCAL_Layer/GPIO/GPIO.o
LOAD ./MCAL_Layer/ADC/ADC.o
LOAD ./ECU_Layer/lcd/char_lcd.o
LOAD ./ECU_Layer/SevenSegment/seven_segment.o
LOAD ./ECU_Layer/Keypad/keypad.o
LOAD ./main.o
LOAD c:/winavr-20100110/bin/../lib/gcc/avr/4.3.3/avr5\libgcc.a
LOAD c:/winavr-20100110/bin/../lib/gcc/avr/4.3.3/../../../../avr/lib/avr5\libc.a
LOAD c:/winavr-20100110/bin/../lib/gcc/avr/4.3.3/avr5\libgcc.a

.hash
 *(.hash)

.dynsym
 *(.dynsym)

.dynstr
 *(.dynstr)

.gnu.version
 *(.gnu.version)

.gnu.version_d
 *(.gnu.version_d)

.gnu.version_r
 *(.gnu.version_r)

.rel.init
 *(.rel.init)

.rela.init
 *(.rela.init)

.rel.text
 *(.rel.text)
 *(.rel.text.*)
 *(.rel.gnu.linkonce.t*)

.rela.text
 *(.rela.text)
 *(.rela.text.*)
 *(.rela.gnu.linkonce.t*)

.rel.fini
 *(.rel.fini)

.rela.fini
 *(.rela.fini)

.rel.rodata
 *(.rel.rodata)
 *(.rel.rodata.*)
 *(.rel.gnu.linkonce.r*)

.rela.rodata
 *(.rela.rodata)
 *(.rela.rodata.*)
 *(.rela.gnu.linkonce.r*)

.rel.data
 *(.rel.data)
 *(.rel.data.*)
 *(.rel.gnu.linkonce.d*)

.rela.data
 *(.rela.data)
 *(.rela.data.*)
 *(.rela.gnu.linkonce.d*)

.rel.ctors
 *(.rel.ctors)

.rela.ctors
 *(.rela.ctors)

.rel.dtors
 *(.rel.dtors)

.rela.dtors
 *(.rela.dtors)

.rel.got
 *(.rel.got)

.rela.got
 *(.rela.got)

.rel.bss
 *(.rel.bss)

.rela.bss
 *(.rela.bss)

.rel.plt
 *(.rel.plt)

.rela.plt
 *(.rela.plt)

.text           0x00000000     0x398c
 *(.vectors)
 .vectors       0x00000000       0x54 c:/winavr-20100110/bin/../lib/gcc/avr/4.3.3/../../../../avr/lib/avr5/crtm32.o
                0x00000000                __vectors
                0x00000000                __vector_default
 *(.vectors)
 *(.progmem.gcc*)
 *(.progmem*)
                0x00000054                . = ALIGN (0x2)
                0x00000054                __trampolines_start = .
 *(.trampolines)
 .trampolines   0x00000054        0x0 linker stubs
 *(.trampolines*)
                0x00000054                __trampolines_end = .
 *(.jumptables)
 *(.jumptables*)
 *(.lowtext)
 *(.lowtext*)
                0x00000054                __ctors_start = .
 *(.ctors)
                0x00000054                __ctors_end = .
                0x00000054                __dtors_start = .
 *(.dtors)
                0x00000054                __dtors_end = .
 SORT(*)(.ctors)
 SORT(*)(.dtors)
 *(.init0)
 .init0         0x00000054        0x0 c:/winavr-20100110/bin/../lib/gcc/avr/4.3.3/../../../../avr/lib/avr5/crtm32.o
                0x00000054                __init
 *(.init0)
 *(.init1)
 *(.init1)
 *(.init2)
 .init2         0x00000054        0xc c:/winavr-20100110/bin/../lib/gcc/avr/4.3.3/../../../../avr/lib/avr5/crtm32.o
 *(.init2)
 *(.init3)
 *(.init3)
 *(.init4)
 .init4         0x00000060       0x16 c:/winavr-20100110/bin/../lib/gcc/avr/4.3.3/avr5\libgcc.a(_copy_data.o)
                0x00000060                __do_copy_data
 .init4         0x00000076       0x10 c:/winavr-20100110/bin/../lib/gcc/avr/4.3.3/avr5\libgcc.a(_clear_bss.o)
                0x00000076                __do_clear_bss
 *(.init4)
 *(.init5)
 *(.init5)
 *(.init6)
 *(.init6)
 *(.init7)
 *(.init7)
 *(.init8)
 *(.init8)
 *(.init9)
 .init9         0x00000086        0x8 c:/winavr-20100110/bin/../lib/gcc/avr/4.3.3/../../../../avr/lib/avr5/crtm32.o
 *(.init9)
 *(.text)
 .text          0x0000008e        0x4 c:/winavr-20100110/bin/../lib/gcc/avr/4.3.3/../../../../avr/lib/avr5/crtm32.o
                0x0000008e                __bad_interrupt
                0x0000008e                __vector_13
                0x0000008e                __vector_17
                0x0000008e                __vector_19
                0x0000008e                __vector_5
                0x0000008e                __vector_4
                0x0000008e                __vector_15
                0x0000008e                __vector_14
                0x0000008e                __vector_16
                0x0000008e                __vector_18
                0x0000008e                __vector_20
 .text          0x00000092        0x0 ./MCAL_Layer/timer1/timer1.o
 .text          0x00000092        0x0 ./MCAL_Layer/timer0/timer0.o
 .text          0x00000092        0x0 ./MCAL_Layer/interrupt/ext_interrupt.o
 .text          0x00000092        0x0 ./MCAL_Layer/UART/UART.o
 .text          0x00000092        0x0 ./MCAL_Layer/SPI/SPI.o
 .text          0x00000092        0x0 ./MCAL_Layer/GPIO/GPIO.o
 .text          0x00000092        0x0 ./MCAL_Layer/ADC/ADC.o
 .text          0x00000092        0x0 ./ECU_Layer/lcd/char_lcd.o
 .text          0x00000092        0x0 ./ECU_Layer/SevenSegment/seven_segment.o
 .text          0x00000092        0x0 ./ECU_Layer/Keypad/keypad.o
 .text          0x00000092        0x0 ./main.o
 .text          0x00000092        0x0 c:/winavr-20100110/bin/../lib/gcc/avr/4.3.3/avr5\libgcc.a(_udivmodqi4.o)
 .text          0x00000092        0x0 c:/winavr-20100110/bin/../lib/gcc/avr/4.3.3/avr5\libgcc.a(_divmodhi4.o)
 .text          0x00000092        0x0 c:/winavr-20100110/bin/../lib/gcc/avr/4.3.3/avr5\libgcc.a(_exit.o)
 .text          0x00000092        0x0 c:/winavr-20100110/bin/../lib/gcc/avr/4.3.3/avr5\libgcc.a(_copy_data.o)
 .text          0x00000092        0x0 c:/winavr-20100110/bin/../lib/gcc/avr/4.3.3/avr5\libgcc.a(_clear_bss.o)
 .text          0x00000092       0x58 c:/winavr-20100110/bin/../lib/gcc/avr/4.3.3/avr5\libgcc.a(_fixunssfsi.o)
                0x00000092                __fixunssfsi
 .text          0x000000ea      0x354 c:/winavr-20100110/bin/../lib/gcc/avr/4.3.3/avr5\libgcc.a(_addsub_sf.o)
                0x00000382                __subsf3
                0x000003e4                __addsf3
 .text          0x0000043e      0x1f4 c:/winavr-20100110/bin/../lib/gcc/avr/4.3.3/avr5\libgcc.a(_mul_sf.o)
                0x0000043e                __mulsf3
 .text          0x00000632       0x60 c:/winavr-20100110/bin/../lib/gcc/avr/4.3.3/avr5\libgcc.a(_gt_sf.o)
                0x00000632                __gtsf2
 .text          0x00000692       0x60 c:/winavr-20100110/bin/../lib/gcc/avr/4.3.3/avr5\libgcc.a(_ge_sf.o)
                0x00000692                __gesf2
 .text          0x000006f2       0x60 c:/winavr-20100110/bin/../lib/gcc/avr/4.3.3/avr5\libgcc.a(_lt_sf.o)
                0x000006f2                __ltsf2
 .text          0x00000752       0xa8 c:/winavr-20100110/bin/../lib/gcc/avr/4.3.3/avr5\libgcc.a(_sf_to_si.o)
                0x00000752                __fixsfsi
 .text          0x000007fa        0x0 c:/winavr-20100110/bin/../lib/gcc/avr/4.3.3/avr5\libgcc.a(_thenan_sf.o)
 .text          0x000007fa        0x0 c:/winavr-20100110/bin/../lib/gcc/avr/4.3.3/avr5\libgcc.a(_udivmodhi4.o)
 .text          0x000007fa        0x0 c:/winavr-20100110/bin/../lib/gcc/avr/4.3.3/avr5\libgcc.a(_prologue.o)
 .text          0x000007fa        0x0 c:/winavr-20100110/bin/../lib/gcc/avr/4.3.3/avr5\libgcc.a(_epilogue.o)
 .text          0x000007fa      0x1aa c:/winavr-20100110/bin/../lib/gcc/avr/4.3.3/avr5\libgcc.a(_pack_sf.o)
                0x000007fa                __pack_f
 .text          0x000009a4       0xf0 c:/winavr-20100110/bin/../lib/gcc/avr/4.3.3/avr5\libgcc.a(_unpack_sf.o)
                0x000009a4                __unpack_f
 .text          0x00000a94       0xb2 c:/winavr-20100110/bin/../lib/gcc/avr/4.3.3/avr5\libgcc.a(_fpcmp_parts_sf.o)
                0x00000a94                __fpcmp_parts_f
 .text          0x00000b46        0x0 c:/winavr-20100110/bin/../lib/gcc/avr/4.3.3/../../../../avr/lib/avr5\libc.a(memset.o)
 .text          0x00000b46        0x0 c:/winavr-20100110/bin/../lib/gcc/avr/4.3.3/../../../../avr/lib/avr5\libc.a(sprintf.o)
 .text          0x00000b46        0x0 c:/winavr-20100110/bin/../lib/gcc/avr/4.3.3/../../../../avr/lib/avr5\libc.a(vfprintf_std.o)
 .text          0x00000b46        0x0 c:/winavr-20100110/bin/../lib/gcc/avr/4.3.3/../../../../avr/lib/avr5\libc.a(strnlen_P.o)
 .text          0x00000b46        0x0 c:/winavr-20100110/bin/../lib/gcc/avr/4.3.3/../../../../avr/lib/avr5\libc.a(strnlen.o)
 .text          0x00000b46        0x0 c:/winavr-20100110/bin/../lib/gcc/avr/4.3.3/../../../../avr/lib/avr5\libc.a(fputc.o)
 .text          0x00000b46        0x0 c:/winavr-20100110/bin/../lib/gcc/avr/4.3.3/../../../../avr/lib/avr5\libc.a(ultoa_invert.o)
                0x00000b46                . = ALIGN (0x2)
 *(.text.*)
 .text.Timer1_Init
                0x00000b46      0x18a ./MCAL_Layer/timer1/timer1.o
                0x00000b46                Timer1_Init
 .text.Timer1_start
                0x00000cd0       0xb4 ./MCAL_Layer/timer1/timer1.o
                0x00000cd0                Timer1_start
 .text.Timer1_stop
                0x00000d84       0x38 ./MCAL_Layer/timer1/timer1.o
                0x00000d84                Timer1_stop
 .text.Timer1_GetCounts
                0x00000dbc       0x64 ./MCAL_Layer/timer1/timer1.o
                0x00000dbc                Timer1_GetCounts
 .text.Timer1_OVF_IntEnable
                0x00000e20       0x20 ./MCAL_Layer/timer1/timer1.o
                0x00000e20                Timer1_OVF_IntEnable
 .text.Timer1_OCA_IntEnable
                0x00000e40       0x20 ./MCAL_Layer/timer1/timer1.o
                0x00000e40                Timer1_OCA_IntEnable
 .text.Timer1_OCB_IntEnable
                0x00000e60       0x20 ./MCAL_Layer/timer1/timer1.o
                0x00000e60                Timer1_OCB_IntEnable
 .text.Timer1_ICU_IntEnable
                0x00000e80       0x20 ./MCAL_Layer/timer1/timer1.o
                0x00000e80                Timer1_ICU_IntEnable
 .text.Timer1_OVF_IntDisable
                0x00000ea0       0x20 ./MCAL_Layer/timer1/timer1.o
                0x00000ea0                Timer1_OVF_IntDisable
 .text.Timer1_OCA_IntDisable
                0x00000ec0       0x20 ./MCAL_Layer/timer1/timer1.o
                0x00000ec0                Timer1_OCA_IntDisable
 .text.Timer1_OCB_IntDisable
                0x00000ee0       0x20 ./MCAL_Layer/timer1/timer1.o
                0x00000ee0                Timer1_OCB_IntDisable
 .text.Timer1_ICU_IntDisable
                0x00000f00       0x20 ./MCAL_Layer/timer1/timer1.o
                0x00000f00                Timer1_ICU_IntDisable
 .text.Timer1_OVF_setCallBack
                0x00000f20       0x3e ./MCAL_Layer/timer1/timer1.o
                0x00000f20                Timer1_OVF_setCallBack
 .text.Timer1_OCA_setCallBack
                0x00000f5e       0x3e ./MCAL_Layer/timer1/timer1.o
                0x00000f5e                Timer1_OCA_setCallBack
 .text.Timer1_OCB_setCallBack
                0x00000f9c       0x3e ./MCAL_Layer/timer1/timer1.o
                0x00000f9c                Timer1_OCB_setCallBack
 .text.Timer1_ICU_setCallBack
                0x00000fda       0x3e ./MCAL_Layer/timer1/timer1.o
                0x00000fda                Timer1_ICU_setCallBack
 .text.Timer1_ICU_SetTrigger
                0x00001018       0x58 ./MCAL_Layer/timer1/timer1.o
                0x00001018                Timer1_ICU_SetTrigger
 .text.Timer1_ICU_takeReading
                0x00001070       0x52 ./MCAL_Layer/timer1/timer1.o
                0x00001070                Timer1_ICU_takeReading
 .text.__vector_9
                0x000010c2       0x70 ./MCAL_Layer/timer1/timer1.o
                0x000010c2                __vector_9
 .text.__vector_8
                0x00001132       0x70 ./MCAL_Layer/timer1/timer1.o
                0x00001132                __vector_8
 .text.__vector_7
                0x000011a2       0x70 ./MCAL_Layer/timer1/timer1.o
                0x000011a2                __vector_7
 .text.__vector_6
                0x00001212       0x70 ./MCAL_Layer/timer1/timer1.o
                0x00001212                __vector_6
 .text.Timer0_Init
                0x00001282       0xc2 ./MCAL_Layer/timer0/timer0.o
                0x00001282                Timer0_Init
 .text.Timer0_start
                0x00001344       0x8a ./MCAL_Layer/timer0/timer0.o
                0x00001344                Timer0_start
 .text.Timer0_stop
                0x000013ce       0x38 ./MCAL_Layer/timer0/timer0.o
                0x000013ce                Timer0_stop
 .text.Timer0_GetCounts
                0x00001406       0x4c ./MCAL_Layer/timer0/timer0.o
                0x00001406                Timer0_GetCounts
 .text.Timer0_setDelayTimeMilliSec
                0x00001452       0x40 ./MCAL_Layer/timer0/timer0.o
                0x00001452                Timer0_setDelayTimeMilliSec
 .text.Timer0_EnableInt
                0x00001492       0x2e ./MCAL_Layer/timer0/timer0.o
                0x00001492                Timer0_EnableInt
 .text.Timer0_DisableInt
                0x000014c0       0x24 ./MCAL_Layer/timer0/timer0.o
                0x000014c0                Timer0_DisableInt
 .text.Timer0_setCallBack
                0x000014e4       0x4e ./MCAL_Layer/timer0/timer0.o
                0x000014e4                Timer0_setCallBack
 .text.Timer0_setFastPWM
                0x00001532       0xca ./MCAL_Layer/timer0/timer0.o
                0x00001532                Timer0_setFastPWM
 .text.Timer0_setphaseCorrectPWM
                0x000015fc       0xc8 ./MCAL_Layer/timer0/timer0.o
                0x000015fc                Timer0_setphaseCorrectPWM
 .text.__vector_11
                0x000016c4       0x70 ./MCAL_Layer/timer0/timer0.o
                0x000016c4                __vector_11
 .text.__vector_10
                0x00001734       0x70 ./MCAL_Layer/timer0/timer0.o
                0x00001734                __vector_10
 .text.M_EXTI_voidEnable
                0x000017a4      0x106 ./MCAL_Layer/interrupt/ext_interrupt.o
                0x000017a4                M_EXTI_voidEnable
 .text.M_EXTI_voidDisable
                0x000018aa       0x92 ./MCAL_Layer/interrupt/ext_interrupt.o
                0x000018aa                M_EXTI_voidDisable
 .text.M_EXTI_voidSet_CallBack
                0x0000193c       0x9a ./MCAL_Layer/interrupt/ext_interrupt.o
                0x0000193c                M_EXTI_voidSet_CallBack
 .text.__vector_1
                0x000019d6       0x70 ./MCAL_Layer/interrupt/ext_interrupt.o
                0x000019d6                __vector_1
 .text.__vector_2
                0x00001a46       0x70 ./MCAL_Layer/interrupt/ext_interrupt.o
                0x00001a46                __vector_2
 .text.__vector_3
                0x00001ab6       0x70 ./MCAL_Layer/interrupt/ext_interrupt.o
                0x00001ab6                __vector_3
 .text.UART_Init
                0x00001b26       0x54 ./MCAL_Layer/UART/UART.o
                0x00001b26                UART_Init
 .text.UART_SendByte
                0x00001b7a       0x34 ./MCAL_Layer/UART/UART.o
                0x00001b7a                UART_SendByte
 .text.UART_ReceiveByte
                0x00001bae       0x36 ./MCAL_Layer/UART/UART.o
                0x00001bae                UART_ReceiveByte
 .text.UART_SendString
                0x00001be4       0x4e ./MCAL_Layer/UART/UART.o
                0x00001be4                UART_SendString
 .text.SPI_Init
                0x00001c32       0x72 ./MCAL_Layer/SPI/SPI.o
                0x00001c32                SPI_Init
 .text.SPI_Transfere
                0x00001ca4       0x50 ./MCAL_Layer/SPI/SPI.o
                0x00001ca4                SPI_Transfere
 .text.SPI_AsynchCallBack
                0x00001cf4       0x5e ./MCAL_Layer/SPI/SPI.o
                0x00001cf4                SPI_AsynchCallBack
 .text.SPI_Send_String
                0x00001d52       0x58 ./MCAL_Layer/SPI/SPI.o
                0x00001d52                SPI_Send_String
 .text.__vector_12
                0x00001daa       0x66 ./MCAL_Layer/SPI/SPI.o
                0x00001daa                __vector_12
 .text.DIO_voidSetPinDirection
                0x00001e10       0xee ./MCAL_Layer/GPIO/GPIO.o
                0x00001e10                DIO_voidSetPinDirection
 .text.DIO_voidSetPinValue
                0x00001efe       0xee ./MCAL_Layer/GPIO/GPIO.o
                0x00001efe                DIO_voidSetPinValue
 .text.DIO_u8GetPinValue
                0x00001fec       0x60 ./MCAL_Layer/GPIO/GPIO.o
                0x00001fec                DIO_u8GetPinValue
 .text.DIO_voidSetPortDirection
                0x0000204c       0x38 ./MCAL_Layer/GPIO/GPIO.o
                0x0000204c                DIO_voidSetPortDirection
 .text.DIO_voidSetPortValues
                0x00002084       0x38 ./MCAL_Layer/GPIO/GPIO.o
                0x00002084                DIO_voidSetPortValues
 .text.DIO_u8GetPortValues
                0x000020bc       0x3a ./MCAL_Layer/GPIO/GPIO.o
                0x000020bc                DIO_u8GetPortValues
 .text.ADC_voidInit
                0x000020f6       0xbe ./MCAL_Layer/ADC/ADC.o
                0x000020f6                ADC_voidInit
 .text.ADC_getDigitalValueSynchNonBlocking
                0x000021b4       0x32 ./MCAL_Layer/ADC/ADC.o
                0x000021b4                ADC_getDigitalValueSynchNonBlocking
 .text.H_LCD_void_Init
                0x000021e6      0x344 ./ECU_Layer/lcd/char_lcd.o
                0x000021e6                H_LCD_void_Init
 .text.H_LCD_void_SendCommand
                0x0000252a      0x2c4 ./ECU_Layer/lcd/char_lcd.o
                0x0000252a                H_LCD_void_SendCommand
 .text.H_LCD_void_SendData
                0x000027ee      0x2c4 ./ECU_Layer/lcd/char_lcd.o
                0x000027ee                H_LCD_void_SendData
 .text.H_LCD_void_SendString
                0x00002ab2       0x42 ./ECU_Layer/lcd/char_lcd.o
                0x00002ab2                H_LCD_void_SendString
 .text.H_LCD_void_gotoXY
                0x00002af4       0x8a ./ECU_Layer/lcd/char_lcd.o
                0x00002af4                H_LCD_void_gotoXY
 .text.H_LCD_void_sendIntNum
                0x00002b7e       0xfe ./ECU_Layer/lcd/char_lcd.o
                0x00002b7e                H_LCD_void_sendIntNum
 .text.H_LCD_void_Clear_Display
                0x00002c7c       0x14 ./ECU_Layer/lcd/char_lcd.o
                0x00002c7c                H_LCD_void_Clear_Display
 .text.H_LCD_void_creatCustomChar
                0x00002c90       0x56 ./ECU_Layer/lcd/char_lcd.o
                0x00002c90                H_LCD_void_creatCustomChar
 .text.H_LCD_void_displayCustomChar
                0x00002ce6       0x1a ./ECU_Layer/lcd/char_lcd.o
                0x00002ce6                H_LCD_void_displayCustomChar
 .text.countDigits
                0x00002d00       0x6e ./ECU_Layer/lcd/char_lcd.o
                0x00002d00                countDigits
 .text.SevenSeG_voidinit
                0x00002d6e       0x36 ./ECU_Layer/SevenSegment/seven_segment.o
                0x00002d6e                SevenSeG_voidinit
 .text.SevenSeG_voidWriteNum
                0x00002da4       0x60 ./ECU_Layer/SevenSegment/seven_segment.o
                0x00002da4                SevenSeG_voidWriteNum
 .text.H_KEYPAD_void_Init
                0x00002e04       0x5e ./ECU_Layer/Keypad/keypad.o
                0x00002e04                H_KEYPAD_void_Init
 .text.H_KEYPAD_u8_getPressedKey
                0x00002e62      0x1ea ./ECU_Layer/Keypad/keypad.o
                0x00002e62                H_KEYPAD_u8_getPressedKey
 .text.keypad_cursor_init
                0x0000304c       0x4e ./ECU_Layer/Keypad/keypad.o
                0x0000304c                keypad_cursor_init
 .text.H_KEYPAD_u8_WriteOnDigits
                0x0000309a      0x236 ./ECU_Layer/Keypad/keypad.o
                0x0000309a                H_KEYPAD_u8_WriteOnDigits
 .text.Spi_Isr  0x000032d0       0x36 ./main.o
                0x000032d0                Spi_Isr
 .text.main     0x00003306       0x5e ./main.o
                0x00003306                main
 .text.libgcc   0x00003364       0x18 c:/winavr-20100110/bin/../lib/gcc/avr/4.3.3/avr5\libgcc.a(_udivmodqi4.o)
                0x00003364                __udivmodqi4
 .text.libgcc   0x0000337c       0x26 c:/winavr-20100110/bin/../lib/gcc/avr/4.3.3/avr5\libgcc.a(_divmodhi4.o)
                0x0000337c                __divmodhi4
                0x0000337c                _div
 .text.libgcc   0x000033a2        0x0 c:/winavr-20100110/bin/../lib/gcc/avr/4.3.3/avr5\libgcc.a(_exit.o)
 .text.libgcc   0x000033a2        0x0 c:/winavr-20100110/bin/../lib/gcc/avr/4.3.3/avr5\libgcc.a(_copy_data.o)
 .text.libgcc   0x000033a2        0x0 c:/winavr-20100110/bin/../lib/gcc/avr/4.3.3/avr5\libgcc.a(_clear_bss.o)
 .text.libgcc   0x000033a2       0x28 c:/winavr-20100110/bin/../lib/gcc/avr/4.3.3/avr5\libgcc.a(_udivmodhi4.o)
                0x000033a2                __udivmodhi4
 .text.libgcc   0x000033ca       0x38 c:/winavr-20100110/bin/../lib/gcc/avr/4.3.3/avr5\libgcc.a(_prologue.o)
                0x000033ca                __prologue_saves__
 .text.libgcc   0x00003402       0x36 c:/winavr-20100110/bin/../lib/gcc/avr/4.3.3/avr5\libgcc.a(_epilogue.o)
                0x00003402                __epilogue_restores__
 .text.avr-libc
                0x00003438        0xe c:/winavr-20100110/bin/../lib/gcc/avr/4.3.3/../../../../avr/lib/avr5\libc.a(memset.o)
                0x00003438                memset
 .text.avr-libc
                0x00003446       0x48 c:/winavr-20100110/bin/../lib/gcc/avr/4.3.3/../../../../avr/lib/avr5\libc.a(sprintf.o)
                0x00003446                sprintf
 .text.avr-libc
                0x0000348e      0x3ba c:/winavr-20100110/bin/../lib/gcc/avr/4.3.3/../../../../avr/lib/avr5\libc.a(vfprintf_std.o)
                0x0000348e                vfprintf
 .text.avr-libc
                0x00003848       0x16 c:/winavr-20100110/bin/../lib/gcc/avr/4.3.3/../../../../avr/lib/avr5\libc.a(strnlen_P.o)
                0x00003848                strnlen_P
 .text.avr-libc
                0x0000385e       0x16 c:/winavr-20100110/bin/../lib/gcc/avr/4.3.3/../../../../avr/lib/avr5\libc.a(strnlen.o)
                0x0000385e                strnlen
 .text.avr-libc
                0x00003874       0x58 c:/winavr-20100110/bin/../lib/gcc/avr/4.3.3/../../../../avr/lib/avr5\libc.a(fputc.o)
                0x00003874                fputc
 .text.avr-libc
                0x000038cc       0xbc c:/winavr-20100110/bin/../lib/gcc/avr/4.3.3/../../../../avr/lib/avr5\libc.a(ultoa_invert.o)
                0x000038cc                __ultoa_invert
                0x00003988                . = ALIGN (0x2)
 *(.fini9)
 .fini9         0x00003988        0x0 c:/winavr-20100110/bin/../lib/gcc/avr/4.3.3/avr5\libgcc.a(_exit.o)
                0x00003988                exit
                0x00003988                _exit
 *(.fini9)
 *(.fini8)
 *(.fini8)
 *(.fini7)
 *(.fini7)
 *(.fini6)
 *(.fini6)
 *(.fini5)
 *(.fini5)
 *(.fini4)
 *(.fini4)
 *(.fini3)
 *(.fini3)
 *(.fini2)
 *(.fini2)
 *(.fini1)
 *(.fini1)
 *(.fini0)
 .fini0         0x00003988        0x4 c:/winavr-20100110/bin/../lib/gcc/avr/4.3.3/avr5\libgcc.a(_exit.o)
 *(.fini0)
                0x0000398c                _etext = .

.data           0x00800060       0x4a load address 0x0000398c
                0x00800060                PROVIDE (__data_start, .)
 *(.data)
 .data          0x00800060        0x0 c:/winavr-20100110/bin/../lib/gcc/avr/4.3.3/../../../../avr/lib/avr5/crtm32.o
 .data          0x00800060        0x0 ./MCAL_Layer/timer1/timer1.o
 .data          0x00800060        0x0 ./MCAL_Layer/timer0/timer0.o
 .data          0x00800060        0x0 ./MCAL_Layer/interrupt/ext_interrupt.o
 .data          0x00800060        0x0 ./MCAL_Layer/UART/UART.o
 .data          0x00800060        0x0 ./MCAL_Layer/SPI/SPI.o
 .data          0x00800060        0x0 ./MCAL_Layer/GPIO/GPIO.o
 .data          0x00800060        0x0 ./MCAL_Layer/ADC/ADC.o
 .data          0x00800060        0x3 ./ECU_Layer/lcd/char_lcd.o
 .data          0x00800063        0x0 ./ECU_Layer/SevenSegment/seven_segment.o
 .data          0x00800063        0x0 ./ECU_Layer/Keypad/keypad.o
 .data          0x00800063        0x0 ./main.o
 .data          0x00800063        0x0 c:/winavr-20100110/bin/../lib/gcc/avr/4.3.3/avr5\libgcc.a(_udivmodqi4.o)
 .data          0x00800063        0x0 c:/winavr-20100110/bin/../lib/gcc/avr/4.3.3/avr5\libgcc.a(_divmodhi4.o)
 .data          0x00800063        0x0 c:/winavr-20100110/bin/../lib/gcc/avr/4.3.3/avr5\libgcc.a(_exit.o)
 .data          0x00800063        0x0 c:/winavr-20100110/bin/../lib/gcc/avr/4.3.3/avr5\libgcc.a(_copy_data.o)
 .data          0x00800063        0x0 c:/winavr-20100110/bin/../lib/gcc/avr/4.3.3/avr5\libgcc.a(_clear_bss.o)
 .data          0x00800063        0x0 c:/winavr-20100110/bin/../lib/gcc/avr/4.3.3/avr5\libgcc.a(_fixunssfsi.o)
 .data          0x00800063        0x0 c:/winavr-20100110/bin/../lib/gcc/avr/4.3.3/avr5\libgcc.a(_addsub_sf.o)
 .data          0x00800063        0x0 c:/winavr-20100110/bin/../lib/gcc/avr/4.3.3/avr5\libgcc.a(_mul_sf.o)
 .data          0x00800063        0x0 c:/winavr-20100110/bin/../lib/gcc/avr/4.3.3/avr5\libgcc.a(_gt_sf.o)
 .data          0x00800063        0x0 c:/winavr-20100110/bin/../lib/gcc/avr/4.3.3/avr5\libgcc.a(_ge_sf.o)
 .data          0x00800063        0x0 c:/winavr-20100110/bin/../lib/gcc/avr/4.3.3/avr5\libgcc.a(_lt_sf.o)
 .data          0x00800063        0x0 c:/winavr-20100110/bin/../lib/gcc/avr/4.3.3/avr5\libgcc.a(_sf_to_si.o)
 .data          0x00800063        0x8 c:/winavr-20100110/bin/../lib/gcc/avr/4.3.3/avr5\libgcc.a(_thenan_sf.o)
                0x00800063                __thenan_sf
 .data          0x0080006b        0x0 c:/winavr-20100110/bin/../lib/gcc/avr/4.3.3/avr5\libgcc.a(_udivmodhi4.o)
 .data          0x0080006b        0x0 c:/winavr-20100110/bin/../lib/gcc/avr/4.3.3/avr5\libgcc.a(_prologue.o)
 .data          0x0080006b        0x0 c:/winavr-20100110/bin/../lib/gcc/avr/4.3.3/avr5\libgcc.a(_epilogue.o)
 .data          0x0080006b        0x0 c:/winavr-20100110/bin/../lib/gcc/avr/4.3.3/avr5\libgcc.a(_pack_sf.o)
 .data          0x0080006b        0x0 c:/winavr-20100110/bin/../lib/gcc/avr/4.3.3/avr5\libgcc.a(_unpack_sf.o)
 .data          0x0080006b        0x0 c:/winavr-20100110/bin/../lib/gcc/avr/4.3.3/avr5\libgcc.a(_fpcmp_parts_sf.o)
 .data          0x0080006b        0x0 c:/winavr-20100110/bin/../lib/gcc/avr/4.3.3/../../../../avr/lib/avr5\libc.a(memset.o)
 .data          0x0080006b        0x0 c:/winavr-20100110/bin/../lib/gcc/avr/4.3.3/../../../../avr/lib/avr5\libc.a(sprintf.o)
 .data          0x0080006b        0x0 c:/winavr-20100110/bin/../lib/gcc/avr/4.3.3/../../../../avr/lib/avr5\libc.a(vfprintf_std.o)
 .data          0x0080006b        0x0 c:/winavr-20100110/bin/../lib/gcc/avr/4.3.3/../../../../avr/lib/avr5\libc.a(strnlen_P.o)
 .data          0x0080006b        0x0 c:/winavr-20100110/bin/../lib/gcc/avr/4.3.3/../../../../avr/lib/avr5\libc.a(strnlen.o)
 .data          0x0080006b        0x0 c:/winavr-20100110/bin/../lib/gcc/avr/4.3.3/../../../../avr/lib/avr5\libc.a(fputc.o)
 .data          0x0080006b        0x0 c:/winavr-20100110/bin/../lib/gcc/avr/4.3.3/../../../../avr/lib/avr5\libc.a(ultoa_invert.o)
 *(.data*)
 .data.Ports_index
                0x0080006b        0x8 ./MCAL_Layer/GPIO/GPIO.o
                0x0080006b                Ports_index
 .data.rows_pins
                0x00800073        0x4 ./ECU_Layer/Keypad/keypad.o
 .data.cols_pins
                0x00800077        0x4 ./ECU_Layer/Keypad/keypad.o
 .data.rows_ports
                0x0080007b        0x4 ./ECU_Layer/Keypad/keypad.o
 .data.cols_ports
                0x0080007f        0x4 ./ECU_Layer/Keypad/keypad.o
 .data.string   0x00800083        0x6 ./main.o
                0x00800083                string
 *(.rodata)
 *(.rodata*)
 .rodata.btn_values
                0x00800089       0x10 ./ECU_Layer/Keypad/keypad.o
 .rodata.btn_values2
                0x00800099       0x10 ./ECU_Layer/Keypad/keypad.o
 *(.gnu.linkonce.d*)
                0x008000aa                . = ALIGN (0x2)
 *fill*         0x008000a9        0x1 00
                0x008000aa                _edata = .
                0x008000aa                PROVIDE (__data_end, .)

.bss            0x008000aa       0x1e
                0x008000aa                PROVIDE (__bss_start, .)
 *(.bss)
 .bss           0x008000aa        0x0 c:/winavr-20100110/bin/../lib/gcc/avr/4.3.3/../../../../avr/lib/avr5/crtm32.o
 .bss           0x008000aa        0x0 ./MCAL_Layer/timer1/timer1.o
 .bss           0x008000aa        0x0 ./MCAL_Layer/timer0/timer0.o
 .bss           0x008000aa        0x0 ./MCAL_Layer/interrupt/ext_interrupt.o
 .bss           0x008000aa        0x0 ./MCAL_Layer/UART/UART.o
 .bss           0x008000aa        0x0 ./MCAL_Layer/SPI/SPI.o
 .bss           0x008000aa        0x0 ./MCAL_Layer/GPIO/GPIO.o
 .bss           0x008000aa        0x0 ./MCAL_Layer/ADC/ADC.o
 .bss           0x008000aa        0x0 ./ECU_Layer/lcd/char_lcd.o
 .bss           0x008000aa        0x0 ./ECU_Layer/SevenSegment/seven_segment.o
 .bss           0x008000aa        0x0 ./ECU_Layer/Keypad/keypad.o
 .bss           0x008000aa        0x0 ./main.o
 .bss           0x008000aa        0x0 c:/winavr-20100110/bin/../lib/gcc/avr/4.3.3/avr5\libgcc.a(_udivmodqi4.o)
 .bss           0x008000aa        0x0 c:/winavr-20100110/bin/../lib/gcc/avr/4.3.3/avr5\libgcc.a(_divmodhi4.o)
 .bss           0x008000aa        0x0 c:/winavr-20100110/bin/../lib/gcc/avr/4.3.3/avr5\libgcc.a(_exit.o)
 .bss           0x008000aa        0x0 c:/winavr-20100110/bin/../lib/gcc/avr/4.3.3/avr5\libgcc.a(_copy_data.o)
 .bss           0x008000aa        0x0 c:/winavr-20100110/bin/../lib/gcc/avr/4.3.3/avr5\libgcc.a(_clear_bss.o)
 .bss           0x008000aa        0x0 c:/winavr-20100110/bin/../lib/gcc/avr/4.3.3/avr5\libgcc.a(_fixunssfsi.o)
 .bss           0x008000aa        0x0 c:/winavr-20100110/bin/../lib/gcc/avr/4.3.3/avr5\libgcc.a(_addsub_sf.o)
 .bss           0x008000aa        0x0 c:/winavr-20100110/bin/../lib/gcc/avr/4.3.3/avr5\libgcc.a(_mul_sf.o)
 .bss           0x008000aa        0x0 c:/winavr-20100110/bin/../lib/gcc/avr/4.3.3/avr5\libgcc.a(_gt_sf.o)
 .bss           0x008000aa        0x0 c:/winavr-20100110/bin/../lib/gcc/avr/4.3.3/avr5\libgcc.a(_ge_sf.o)
 .bss           0x008000aa        0x0 c:/winavr-20100110/bin/../lib/gcc/avr/4.3.3/avr5\libgcc.a(_lt_sf.o)
 .bss           0x008000aa        0x0 c:/winavr-20100110/bin/../lib/gcc/avr/4.3.3/avr5\libgcc.a(_sf_to_si.o)
 .bss           0x008000aa        0x0 c:/winavr-20100110/bin/../lib/gcc/avr/4.3.3/avr5\libgcc.a(_thenan_sf.o)
 .bss           0x008000aa        0x0 c:/winavr-20100110/bin/../lib/gcc/avr/4.3.3/avr5\libgcc.a(_udivmodhi4.o)
 .bss           0x008000aa        0x0 c:/winavr-20100110/bin/../lib/gcc/avr/4.3.3/avr5\libgcc.a(_prologue.o)
 .bss           0x008000aa        0x0 c:/winavr-20100110/bin/../lib/gcc/avr/4.3.3/avr5\libgcc.a(_epilogue.o)
 .bss           0x008000aa        0x0 c:/winavr-20100110/bin/../lib/gcc/avr/4.3.3/avr5\libgcc.a(_pack_sf.o)
 .bss           0x008000aa        0x0 c:/winavr-20100110/bin/../lib/gcc/avr/4.3.3/avr5\libgcc.a(_unpack_sf.o)
 .bss           0x008000aa        0x0 c:/winavr-20100110/bin/../lib/gcc/avr/4.3.3/avr5\libgcc.a(_fpcmp_parts_sf.o)
 .bss           0x008000aa        0x0 c:/winavr-20100110/bin/../lib/gcc/avr/4.3.3/../../../../avr/lib/avr5\libc.a(memset.o)
 .bss           0x008000aa        0x0 c:/winavr-20100110/bin/../lib/gcc/avr/4.3.3/../../../../avr/lib/avr5\libc.a(sprintf.o)
 .bss           0x008000aa        0x0 c:/winavr-20100110/bin/../lib/gcc/avr/4.3.3/../../../../avr/lib/avr5\libc.a(vfprintf_std.o)
 .bss           0x008000aa        0x0 c:/winavr-20100110/bin/../lib/gcc/avr/4.3.3/../../../../avr/lib/avr5\libc.a(strnlen_P.o)
 .bss           0x008000aa        0x0 c:/winavr-20100110/bin/../lib/gcc/avr/4.3.3/../../../../avr/lib/avr5\libc.a(strnlen.o)
 .bss           0x008000aa        0x0 c:/winavr-20100110/bin/../lib/gcc/avr/4.3.3/../../../../avr/lib/avr5\libc.a(fputc.o)
 .bss           0x008000aa        0x0 c:/winavr-20100110/bin/../lib/gcc/avr/4.3.3/../../../../avr/lib/avr5\libc.a(ultoa_invert.o)
 *(.bss*)
 .bss.Timer1_Over_Flow_isr
                0x008000aa        0x2 ./MCAL_Layer/timer1/timer1.o
                0x008000aa                Timer1_Over_Flow_isr
 .bss.Timer1_CompB_isr
                0x008000ac        0x2 ./MCAL_Layer/timer1/timer1.o
                0x008000ac                Timer1_CompB_isr
 .bss.Timer1_CompA_isr
                0x008000ae        0x2 ./MCAL_Layer/timer1/timer1.o
                0x008000ae                Timer1_CompA_isr
 .bss.Timer1_Capt_isr
                0x008000b0        0x2 ./MCAL_Layer/timer1/timer1.o
                0x008000b0                Timer1_Capt_isr
 .bss.Timer0_Over_Flow_isr
                0x008000b2        0x2 ./MCAL_Layer/timer0/timer0.o
                0x008000b2                Timer0_Over_Flow_isr
 .bss.Timer0_Comp_isr
                0x008000b4        0x2 ./MCAL_Layer/timer0/timer0.o
                0x008000b4                Timer0_Comp_isr
 .bss.INT0_ISR  0x008000b6        0x2 ./MCAL_Layer/interrupt/ext_interrupt.o
                0x008000b6                INT0_ISR
 .bss.INT1_ISR  0x008000b8        0x2 ./MCAL_Layer/interrupt/ext_interrupt.o
                0x008000b8                INT1_ISR
 .bss.INT2_ISR  0x008000ba        0x2 ./MCAL_Layer/interrupt/ext_interrupt.o
                0x008000ba                INT2_ISR
 .bss.spi_callbackfun
                0x008000bc        0x2 ./MCAL_Layer/SPI/SPI.o
                0x008000bc                spi_callbackfun
 .bss.dum       0x008000be        0x1 ./main.o
                0x008000be                dum
 .bss.ret_status
                0x008000bf        0x1 ./main.o
                0x008000bf                ret_status
 .bss.my_spi    0x008000c0        0x7 ./main.o
                0x008000c0                my_spi
 *(COMMON)
 COMMON         0x008000c7        0x1 ./main.o
                0x008000c7                dummy_spi
                0x008000c8                PROVIDE (__bss_end, .)
                0x0000398c                __data_load_start = LOADADDR (.data)
                0x000039d6                __data_load_end = (__data_load_start + SIZEOF (.data))

.noinit         0x008000c8        0x0
                0x008000c8                PROVIDE (__noinit_start, .)
 *(.noinit*)
                0x008000c8                PROVIDE (__noinit_end, .)
                0x008000c8                _end = .
                0x008000c8                PROVIDE (__heap_start, .)

.eeprom         0x00810000        0x0
 *(.eeprom*)
                0x00810000                __eeprom_end = .

.fuse
 *(.fuse)
 *(.lfuse)
 *(.hfuse)
 *(.efuse)

.lock
 *(.lock*)

.signature
 *(.signature*)

.stab           0x00000000     0x5124
 *(.stab)
 .stab          0x00000000     0x10a4 ./MCAL_Layer/timer1/timer1.o
 .stab          0x000010a4      0x9f0 ./MCAL_Layer/timer0/timer0.o
                                0xc18 (size before relaxing)
 .stab          0x00001a94      0x5e8 ./MCAL_Layer/interrupt/ext_interrupt.o
                                0x810 (size before relaxing)
 .stab          0x0000207c      0x498 ./MCAL_Layer/UART/UART.o
                                0x6c0 (size before relaxing)
 .stab          0x00002514      0x654 ./MCAL_Layer/SPI/SPI.o
                                0x87c (size before relaxing)
 .stab          0x00002b68      0x540 ./MCAL_Layer/GPIO/GPIO.o
                                0x768 (size before relaxing)
 .stab          0x000030a8      0x384 ./MCAL_Layer/ADC/ADC.o
                                0x5ac (size before relaxing)
 .stab          0x0000342c      0xd5c ./ECU_Layer/lcd/char_lcd.o
                                0xf84 (size before relaxing)
 .stab          0x00004188      0x36c ./ECU_Layer/SevenSegment/seven_segment.o
                                0x594 (size before relaxing)
 .stab          0x000044f4      0x7f8 ./ECU_Layer/Keypad/keypad.o
                                0xa20 (size before relaxing)
 .stab          0x00004cec      0x438 ./main.o
                                0x840 (size before relaxing)

.stabstr        0x00000000     0x4d0f
 *(.stabstr)
 .stabstr       0x00000000     0x4d0f ./MCAL_Layer/timer1/timer1.o

.stab.excl
 *(.stab.excl)

.stab.exclstr
 *(.stab.exclstr)

.stab.index
 *(.stab.index)

.stab.indexstr
 *(.stab.indexstr)

.comment
 *(.comment)

.debug
 *(.debug)

.line
 *(.line)

.debug_srcinfo
 *(.debug_srcinfo)

.debug_sfnames
 *(.debug_sfnames)

.debug_aranges  0x00000000      0x140
 *(.debug_aranges)
 .debug_aranges
                0x00000000       0x20 c:/winavr-20100110/bin/../lib/gcc/avr/4.3.3/avr5\libgcc.a(_fixunssfsi.o)
 .debug_aranges
                0x00000020       0x20 c:/winavr-20100110/bin/../lib/gcc/avr/4.3.3/avr5\libgcc.a(_addsub_sf.o)
 .debug_aranges
                0x00000040       0x20 c:/winavr-20100110/bin/../lib/gcc/avr/4.3.3/avr5\libgcc.a(_mul_sf.o)
 .debug_aranges
                0x00000060       0x20 c:/winavr-20100110/bin/../lib/gcc/avr/4.3.3/avr5\libgcc.a(_gt_sf.o)
 .debug_aranges
                0x00000080       0x20 c:/winavr-20100110/bin/../lib/gcc/avr/4.3.3/avr5\libgcc.a(_ge_sf.o)
 .debug_aranges
                0x000000a0       0x20 c:/winavr-20100110/bin/../lib/gcc/avr/4.3.3/avr5\libgcc.a(_lt_sf.o)
 .debug_aranges
                0x000000c0       0x20 c:/winavr-20100110/bin/../lib/gcc/avr/4.3.3/avr5\libgcc.a(_sf_to_si.o)
 .debug_aranges
                0x000000e0       0x20 c:/winavr-20100110/bin/../lib/gcc/avr/4.3.3/avr5\libgcc.a(_pack_sf.o)
 .debug_aranges
                0x00000100       0x20 c:/winavr-20100110/bin/../lib/gcc/avr/4.3.3/avr5\libgcc.a(_unpack_sf.o)
 .debug_aranges
                0x00000120       0x20 c:/winavr-20100110/bin/../lib/gcc/avr/4.3.3/avr5\libgcc.a(_fpcmp_parts_sf.o)

.debug_pubnames
                0x00000000      0x170
 *(.debug_pubnames)
 .debug_pubnames
                0x00000000       0x23 c:/winavr-20100110/bin/../lib/gcc/avr/4.3.3/avr5\libgcc.a(_fixunssfsi.o)
 .debug_pubnames
                0x00000023       0x2c c:/winavr-20100110/bin/../lib/gcc/avr/4.3.3/avr5\libgcc.a(_addsub_sf.o)
 .debug_pubnames
                0x0000004f       0x1f c:/winavr-20100110/bin/../lib/gcc/avr/4.3.3/avr5\libgcc.a(_mul_sf.o)
 .debug_pubnames
                0x0000006e       0x1e c:/winavr-20100110/bin/../lib/gcc/avr/4.3.3/avr5\libgcc.a(_gt_sf.o)
 .debug_pubnames
                0x0000008c       0x1e c:/winavr-20100110/bin/../lib/gcc/avr/4.3.3/avr5\libgcc.a(_ge_sf.o)
 .debug_pubnames
                0x000000aa       0x1e c:/winavr-20100110/bin/../lib/gcc/avr/4.3.3/avr5\libgcc.a(_lt_sf.o)
 .debug_pubnames
                0x000000c8       0x20 c:/winavr-20100110/bin/../lib/gcc/avr/4.3.3/avr5\libgcc.a(_sf_to_si.o)
 .debug_pubnames
                0x000000e8       0x22 c:/winavr-20100110/bin/../lib/gcc/avr/4.3.3/avr5\libgcc.a(_thenan_sf.o)
 .debug_pubnames
                0x0000010a       0x1f c:/winavr-20100110/bin/../lib/gcc/avr/4.3.3/avr5\libgcc.a(_pack_sf.o)
 .debug_pubnames
                0x00000129       0x21 c:/winavr-20100110/bin/../lib/gcc/avr/4.3.3/avr5\libgcc.a(_unpack_sf.o)
 .debug_pubnames
                0x0000014a       0x26 c:/winavr-20100110/bin/../lib/gcc/avr/4.3.3/avr5\libgcc.a(_fpcmp_parts_sf.o)

.debug_info     0x00000000     0x1c49
 *(.debug_info)
 .debug_info    0x00000000       0xb1 c:/winavr-20100110/bin/../lib/gcc/avr/4.3.3/avr5\libgcc.a(_fixunssfsi.o)
 .debug_info    0x000000b1      0x47a c:/winavr-20100110/bin/../lib/gcc/avr/4.3.3/avr5\libgcc.a(_addsub_sf.o)
 .debug_info    0x0000052b      0x485 c:/winavr-20100110/bin/../lib/gcc/avr/4.3.3/avr5\libgcc.a(_mul_sf.o)
 .debug_info    0x000009b0      0x27f c:/winavr-20100110/bin/../lib/gcc/avr/4.3.3/avr5\libgcc.a(_gt_sf.o)
 .debug_info    0x00000c2f      0x27f c:/winavr-20100110/bin/../lib/gcc/avr/4.3.3/avr5\libgcc.a(_ge_sf.o)
 .debug_info    0x00000eae      0x27f c:/winavr-20100110/bin/../lib/gcc/avr/4.3.3/avr5\libgcc.a(_lt_sf.o)
 .debug_info    0x0000112d      0x2b0 c:/winavr-20100110/bin/../lib/gcc/avr/4.3.3/avr5\libgcc.a(_sf_to_si.o)
 .debug_info    0x000013dd      0x12c c:/winavr-20100110/bin/../lib/gcc/avr/4.3.3/avr5\libgcc.a(_thenan_sf.o)
 .debug_info    0x00001509      0x2df c:/winavr-20100110/bin/../lib/gcc/avr/4.3.3/avr5\libgcc.a(_pack_sf.o)
 .debug_info    0x000017e8      0x251 c:/winavr-20100110/bin/../lib/gcc/avr/4.3.3/avr5\libgcc.a(_unpack_sf.o)
 .debug_info    0x00001a39      0x210 c:/winavr-20100110/bin/../lib/gcc/avr/4.3.3/avr5\libgcc.a(_fpcmp_parts_sf.o)
 *(.gnu.linkonce.wi.*)

.debug_abbrev   0x00000000      0xeeb
 *(.debug_abbrev)
 .debug_abbrev  0x00000000       0x5d c:/winavr-20100110/bin/../lib/gcc/avr/4.3.3/avr5\libgcc.a(_fixunssfsi.o)
 .debug_abbrev  0x0000005d      0x1ea c:/winavr-20100110/bin/../lib/gcc/avr/4.3.3/avr5\libgcc.a(_addsub_sf.o)
 .debug_abbrev  0x00000247      0x21b c:/winavr-20100110/bin/../lib/gcc/avr/4.3.3/avr5\libgcc.a(_mul_sf.o)
 .debug_abbrev  0x00000462      0x15a c:/winavr-20100110/bin/../lib/gcc/avr/4.3.3/avr5\libgcc.a(_gt_sf.o)
 .debug_abbrev  0x000005bc      0x15a c:/winavr-20100110/bin/../lib/gcc/avr/4.3.3/avr5\libgcc.a(_ge_sf.o)
 .debug_abbrev  0x00000716      0x15a c:/winavr-20100110/bin/../lib/gcc/avr/4.3.3/avr5\libgcc.a(_lt_sf.o)
 .debug_abbrev  0x00000870      0x17f c:/winavr-20100110/bin/../lib/gcc/avr/4.3.3/avr5\libgcc.a(_sf_to_si.o)
 .debug_abbrev  0x000009ef       0xad c:/winavr-20100110/bin/../lib/gcc/avr/4.3.3/avr5\libgcc.a(_thenan_sf.o)
 .debug_abbrev  0x00000a9c      0x1c0 c:/winavr-20100110/bin/../lib/gcc/avr/4.3.3/avr5\libgcc.a(_pack_sf.o)
 .debug_abbrev  0x00000c5c      0x154 c:/winavr-20100110/bin/../lib/gcc/avr/4.3.3/avr5\libgcc.a(_unpack_sf.o)
 .debug_abbrev  0x00000db0      0x13b c:/winavr-20100110/bin/../lib/gcc/avr/4.3.3/avr5\libgcc.a(_fpcmp_parts_sf.o)

.debug_line     0x00000000      0xdad
 *(.debug_line)
 .debug_line    0x00000000       0xa7 c:/winavr-20100110/bin/../lib/gcc/avr/4.3.3/avr5\libgcc.a(_fixunssfsi.o)
 .debug_line    0x000000a7      0x2af c:/winavr-20100110/bin/../lib/gcc/avr/4.3.3/avr5\libgcc.a(_addsub_sf.o)
 .debug_line    0x00000356      0x239 c:/winavr-20100110/bin/../lib/gcc/avr/4.3.3/avr5\libgcc.a(_mul_sf.o)
 .debug_line    0x0000058f       0xd3 c:/winavr-20100110/bin/../lib/gcc/avr/4.3.3/avr5\libgcc.a(_gt_sf.o)
 .debug_line    0x00000662       0xd3 c:/winavr-20100110/bin/../lib/gcc/avr/4.3.3/avr5\libgcc.a(_ge_sf.o)
 .debug_line    0x00000735       0xd3 c:/winavr-20100110/bin/../lib/gcc/avr/4.3.3/avr5\libgcc.a(_lt_sf.o)
 .debug_line    0x00000808      0x109 c:/winavr-20100110/bin/../lib/gcc/avr/4.3.3/avr5\libgcc.a(_sf_to_si.o)
 .debug_line    0x00000911       0x90 c:/winavr-20100110/bin/../lib/gcc/avr/4.3.3/avr5\libgcc.a(_thenan_sf.o)
 .debug_line    0x000009a1      0x18a c:/winavr-20100110/bin/../lib/gcc/avr/4.3.3/avr5\libgcc.a(_pack_sf.o)
 .debug_line    0x00000b2b      0x14b c:/winavr-20100110/bin/../lib/gcc/avr/4.3.3/avr5\libgcc.a(_unpack_sf.o)
 .debug_line    0x00000c76      0x137 c:/winavr-20100110/bin/../lib/gcc/avr/4.3.3/avr5\libgcc.a(_fpcmp_parts_sf.o)

.debug_frame    0x00000000      0x160
 *(.debug_frame)
 .debug_frame   0x00000000       0x20 c:/winavr-20100110/bin/../lib/gcc/avr/4.3.3/avr5\libgcc.a(_fixunssfsi.o)
 .debug_frame   0x00000020       0x40 c:/winavr-20100110/bin/../lib/gcc/avr/4.3.3/avr5\libgcc.a(_addsub_sf.o)
 .debug_frame   0x00000060       0x20 c:/winavr-20100110/bin/../lib/gcc/avr/4.3.3/avr5\libgcc.a(_mul_sf.o)
 .debug_frame   0x00000080       0x20 c:/winavr-20100110/bin/../lib/gcc/avr/4.3.3/avr5\libgcc.a(_gt_sf.o)
 .debug_frame   0x000000a0       0x20 c:/winavr-20100110/bin/../lib/gcc/avr/4.3.3/avr5\libgcc.a(_ge_sf.o)
 .debug_frame   0x000000c0       0x20 c:/winavr-20100110/bin/../lib/gcc/avr/4.3.3/avr5\libgcc.a(_lt_sf.o)
 .debug_frame   0x000000e0       0x20 c:/winavr-20100110/bin/../lib/gcc/avr/4.3.3/avr5\libgcc.a(_sf_to_si.o)
 .debug_frame   0x00000100       0x20 c:/winavr-20100110/bin/../lib/gcc/avr/4.3.3/avr5\libgcc.a(_pack_sf.o)
 .debug_frame   0x00000120       0x20 c:/winavr-20100110/bin/../lib/gcc/avr/4.3.3/avr5\libgcc.a(_unpack_sf.o)
 .debug_frame   0x00000140       0x20 c:/winavr-20100110/bin/../lib/gcc/avr/4.3.3/avr5\libgcc.a(_fpcmp_parts_sf.o)

.debug_str      0x00000000      0x28d
 *(.debug_str)
 .debug_str     0x00000000       0xbf c:/winavr-20100110/bin/../lib/gcc/avr/4.3.3/avr5\libgcc.a(_fixunssfsi.o)
                                 0xfe (size before relaxing)
 .debug_str     0x000000bf      0x14d c:/winavr-20100110/bin/../lib/gcc/avr/4.3.3/avr5\libgcc.a(_addsub_sf.o)
                                0x206 (size before relaxing)
 .debug_str     0x0000020c       0x27 c:/winavr-20100110/bin/../lib/gcc/avr/4.3.3/avr5\libgcc.a(_mul_sf.o)
                                0x1bf (size before relaxing)
 .debug_str     0x00000233        0xf c:/winavr-20100110/bin/../lib/gcc/avr/4.3.3/avr5\libgcc.a(_gt_sf.o)
                                0x195 (size before relaxing)
 .debug_str     0x00000242        0x8 c:/winavr-20100110/bin/../lib/gcc/avr/4.3.3/avr5\libgcc.a(_ge_sf.o)
                                0x195 (size before relaxing)
 .debug_str     0x0000024a        0x8 c:/winavr-20100110/bin/../lib/gcc/avr/4.3.3/avr5\libgcc.a(_lt_sf.o)
                                0x195 (size before relaxing)
 .debug_str     0x00000252        0xa c:/winavr-20100110/bin/../lib/gcc/avr/4.3.3/avr5\libgcc.a(_sf_to_si.o)
                                0x19e (size before relaxing)
 .debug_str     0x00000000      0x103 c:/winavr-20100110/bin/../lib/gcc/avr/4.3.3/avr5\libgcc.a(_thenan_sf.o)
 .debug_str     0x0000025c       0x16 c:/winavr-20100110/bin/../lib/gcc/avr/4.3.3/avr5\libgcc.a(_pack_sf.o)
                                0x19d (size before relaxing)
 .debug_str     0x00000272        0xb c:/winavr-20100110/bin/../lib/gcc/avr/4.3.3/avr5\libgcc.a(_unpack_sf.o)
                                0x17f (size before relaxing)
 .debug_str     0x0000027d       0x10 c:/winavr-20100110/bin/../lib/gcc/avr/4.3.3/avr5\libgcc.a(_fpcmp_parts_sf.o)
                                0x163 (size before relaxing)

.debug_loc      0x00000000      0x7ce
 *(.debug_loc)
 .debug_loc     0x00000000       0x34 c:/winavr-20100110/bin/../lib/gcc/avr/4.3.3/avr5\libgcc.a(_fixunssfsi.o)
 .debug_loc     0x00000034      0x32a c:/winavr-20100110/bin/../lib/gcc/avr/4.3.3/avr5\libgcc.a(_addsub_sf.o)
 .debug_loc     0x0000035e      0x104 c:/winavr-20100110/bin/../lib/gcc/avr/4.3.3/avr5\libgcc.a(_mul_sf.o)
 .debug_loc     0x00000462       0x3c c:/winavr-20100110/bin/../lib/gcc/avr/4.3.3/avr5\libgcc.a(_gt_sf.o)
 .debug_loc     0x0000049e       0x3c c:/winavr-20100110/bin/../lib/gcc/avr/4.3.3/avr5\libgcc.a(_ge_sf.o)
 .debug_loc     0x000004da       0x3c c:/winavr-20100110/bin/../lib/gcc/avr/4.3.3/avr5\libgcc.a(_lt_sf.o)
 .debug_loc     0x00000516       0x7e c:/winavr-20100110/bin/../lib/gcc/avr/4.3.3/avr5\libgcc.a(_sf_to_si.o)
 .debug_loc     0x00000594      0x13e c:/winavr-20100110/bin/../lib/gcc/avr/4.3.3/avr5\libgcc.a(_pack_sf.o)
 .debug_loc     0x000006d2       0xac c:/winavr-20100110/bin/../lib/gcc/avr/4.3.3/avr5\libgcc.a(_unpack_sf.o)
 .debug_loc     0x0000077e       0x50 c:/winavr-20100110/bin/../lib/gcc/avr/4.3.3/avr5\libgcc.a(_fpcmp_parts_sf.o)

.debug_macinfo
 *(.debug_macinfo)
OUTPUT(NTI_MohamedAli.elf elf32-avr)
LOAD linker stubs

.debug_ranges   0x00000000       0x50
 .debug_ranges  0x00000000       0x50 c:/winavr-20100110/bin/../lib/gcc/avr/4.3.3/avr5\libgcc.a(_mul_sf.o)
